[ 2545097ms] [ERROR] ./workspace/accsa/accsa-licitaciones-ui/src/app/analyses/[id]/page.tsx:254:21
Parsing ecmascript source code failed
  252 |                     </div>
  253 |
> 254 |                     {hasMore && (
      |                     ^
  255 |                     <div className="pl-6 border-l-2 border-zinc-100 mt-4">
  256 |                         <button
  257 |                             onClick={() => {

Expected '</', got '{'

Import traces:
  Client Component Browser:
    ./workspace/accsa/accsa-licitaciones-ui/src/app/analyses/[id]/page.tsx [Client Component Browser]
    ./workspace/accsa/accsa-licitaciones-ui/src/app/analyses/[id]/page.tsx [Server Component]

  Client Component SSR:
    ./workspace/accsa/accsa-licitaciones-ui/src/app/analyses/[id]/page.tsx [Client Component SSR]
    ./workspace/accsa/accsa-licitaciones-ui/src/app/analyses/[id]/page.tsx [Server Component] @ http://localhost:3000/_next/static/chunks/8c51c_next_dist_0daf0a55._.js:3127
[ 2545337ms] [ERROR] ./workspace/accsa/accsa-licitaciones-ui/src/app/analyses/[id]/page.tsx:254:21
Parsing ecmascript source code failed
  252 |                     </div>
  253 |
> 254 |                     {hasMore && (
      |                     ^
  255 |                     <div className="pl-6 border-l-2 border-zinc-100 mt-4">
  256 |                         <button
  257 |                             onClick={() => {

Expected '</', got '{'

Import traces:
  Client Component Browser:
    ./workspace/accsa/accsa-licitaciones-ui/src/app/analyses/[id]/page.tsx [Client Component Browser]
    ./workspace/accsa/accsa-licitaciones-ui/src/app/analyses/[id]/page.tsx [Server Component]

  Client Component SSR:
    ./workspace/accsa/accsa-licitaciones-ui/src/app/analyses/[id]/page.tsx [Client Component SSR]
    ./workspace/accsa/accsa-licitaciones-ui/src/app/analyses/[id]/page.tsx [Server Component] @ http://localhost:3000/_next/static/chunks/8c51c_next_dist_0daf0a55._.js:3127
[ 2545715ms] [ERROR] ./workspace/accsa/accsa-licitaciones-ui/src/app/analyses/[id]/page.tsx:254:21
Parsing ecmascript source code failed
  252 |                     </div>
  253 |
> 254 |                     {hasMore && (
      |                     ^
  255 |                     <div className="pl-6 border-l-2 border-zinc-100 mt-4">
  256 |                         <button
  257 |                             onClick={() => {

Expected '</', got '{'

Import traces:
  Client Component Browser:
    ./workspace/accsa/accsa-licitaciones-ui/src/app/analyses/[id]/page.tsx [Client Component Browser]
    ./workspace/accsa/accsa-licitaciones-ui/src/app/analyses/[id]/page.tsx [Server Component]

  Client Component SSR:
    ./workspace/accsa/accsa-licitaciones-ui/src/app/analyses/[id]/page.tsx [Client Component SSR]
    ./workspace/accsa/accsa-licitaciones-ui/src/app/analyses/[id]/page.tsx [Server Component] @ http://localhost:3000/_next/static/chunks/8c51c_next_dist_0daf0a55._.js:3127
